================================================================================================== test session starts ==================================================================================================
platform win32 -- Python 3.9.5, pytest-7.4.0, pluggy-1.2.0
rootdir: C:\TUC_study\workspace\code
collected 58 items

test_img_bright_quadrilateral.py ............................                                                                                                                                                      [ 48%]
test_lexi_quadrilateral.py ..............................                                                                                                                                                          [100%]

================================================================================================== 58 passed in 0.42s =================================================================================================== 
PS C:\TUC_study\workspace\code>